+ unset PYTHONPATH
+ cd /home/consumer
+ curl --fail --silent --show-error http://127.0.0.1:28080/frozen-consumer-bounded.tar.gz -o frozen-consumer-bounded.tar.gz
+ sha256sum -c -
+ echo 'e859283037daac28e2664b3939ed3846a3b602d511610f0d6362705436719931  frozen-consumer-bounded.tar.gz'
frozen-consumer-bounded.tar.gz: OK
+ mkdir frozen-bounded
+ tar -xf frozen-consumer-bounded.tar.gz -C frozen-bounded
+ cd frozen-bounded
+ /home/consumer/rfqfuzz-venv/bin/python -m pip install --no-index -r requirements-v1.lock -r requirements-build.lock --report /home/consumer/setup-evidence/bounded-dependencies-report.json --log /home/consumer/setup-evidence/bounded-dependencies-pip.log
Requirement already satisfied: annotated-doc==0.0.5 in /home/consumer/rfqfuzz-venv/lib/python3.12/site-packages (from -r /home/consumer/frozen-bounded/requirements-m0.lock (line 1)) (0.0.5)
Requirement already satisfied: antlr4-python3-runtime==4.9.3 in /home/consumer/rfqfuzz-venv/lib/python3.12/site-packages (from -r /home/consumer/frozen-bounded/requirements-m0.lock (line 2)) (4.9.3)
Requirement already satisfied: anytree==2.13.0 in /home/consumer/rfqfuzz-venv/lib/python3.12/site-packages (from -r /home/consumer/frozen-bounded/requirements-m0.lock (line 3)) (2.13.0)
Requirement already satisfied: asttokens==3.0.2 in /home/consumer/rfqfuzz-venv/lib/python3.12/site-packages (from -r /home/consumer/frozen-bounded/requirements-m0.lock (line 4)) (3.0.2)
Requirement already satisfied: build123d==0.10.0 in /home/consumer/rfqfuzz-venv/lib/python3.12/site-packages (from -r /home/consumer/frozen-bounded/requirements-m0.lock (line 5)) (0.10.0)
Requirement already satisfied: build123d-drafting-helpers==0.15.5 in /home/consumer/rfqfuzz-venv/lib/python3.12/site-packages (from -r /home/consumer/frozen-bounded/requirements-m0.lock (line 6)) (0.15.5)
Requirement already satisfied: cadquery-ocp==7.8.1.1.post1 in /home/consumer/rfqfuzz-venv/lib/python3.12/site-packages (from -r /home/consumer/frozen-bounded/requirements-m0.lock (line 7)) (7.8.1.1.post1)
Requirement already satisfied: cadquery-ocp-proxy==7.9.3.1.1 in /home/consumer/rfqfuzz-venv/lib/python3.12/site-packages (from -r /home/consumer/frozen-bounded/requirements-m0.lock (line 8)) (7.9.3.1.1)
Requirement already satisfied: charset-normalizer==3.5.2 in /home/consumer/rfqfuzz-venv/lib/python3.12/site-packages (from -r /home/consumer/frozen-bounded/requirements-m0.lock (line 9)) (3.5.2)
Requirement already satisfied: colorama==0.4.6 in /home/consumer/rfqfuzz-venv/lib/python3.12/site-packages (from -r /home/consumer/frozen-bounded/requirements-m0.lock (line 10)) (0.4.6)
Requirement already satisfied: contourpy==1.4.0 in /home/consumer/rfqfuzz-venv/lib/python3.12/site-packages (from -r /home/consumer/frozen-bounded/requirements-m0.lock (line 11)) (1.4.0)
Requirement already satisfied: cssselect2==0.10.1 in /home/consumer/rfqfuzz-venv/lib/python3.12/site-packages (from -r /home/consumer/frozen-bounded/requirements-m0.lock (line 12)) (0.10.1)
Requirement already satisfied: cycler==0.12.1 in /home/consumer/rfqfuzz-venv/lib/python3.12/site-packages (from -r /home/consumer/frozen-bounded/requirements-m0.lock (line 13)) (0.12.1)
Requirement already satisfied: draftwright==0.4.35 in /home/consumer/rfqfuzz-venv/lib/python3.12/site-packages (from -r /home/consumer/frozen-bounded/requirements-m0.lock (line 14)) (0.4.35)
Requirement already satisfied: executing==2.2.1 in /home/consumer/rfqfuzz-venv/lib/python3.12/site-packages (from -r /home/consumer/frozen-bounded/requirements-m0.lock (line 15)) (2.2.1)
Requirement already satisfied: ezdxf==1.4.4 in /home/consumer/rfqfuzz-venv/lib/python3.12/site-packages (from -r /home/consumer/frozen-bounded/requirements-m0.lock (line 16)) (1.4.4)
Requirement already satisfied: fonttools==4.66.1 in /home/consumer/rfqfuzz-venv/lib/python3.12/site-packages (from -r /home/consumer/frozen-bounded/requirements-m0.lock (line 17)) (4.66.1)
Requirement already satisfied: iniconfig==2.3.0 in /home/consumer/rfqfuzz-venv/lib/python3.12/site-packages (from -r /home/consumer/frozen-bounded/requirements-m0.lock (line 18)) (2.3.0)
Requirement already satisfied: ipython==9.17.1 in /home/consumer/rfqfuzz-venv/lib/python3.12/site-packages (from -r /home/consumer/frozen-bounded/requirements-m0.lock (line 19)) (9.17.1)
Requirement already satisfied: ipython_pygments_lexers==1.1.1 in /home/consumer/rfqfuzz-venv/lib/python3.12/site-packages (from -r /home/consumer/frozen-bounded/requirements-m0.lock (line 20)) (1.1.1)
Requirement already satisfied: jedi==0.20.0 in /home/consumer/rfqfuzz-venv/lib/python3.12/site-packages (from -r /home/consumer/frozen-bounded/requirements-m0.lock (line 21)) (0.20.0)
Requirement already satisfied: kiwisolver==1.5.1 in /home/consumer/rfqfuzz-venv/lib/python3.12/site-packages (from -r /home/consumer/frozen-bounded/requirements-m0.lock (line 22)) (1.5.1)
Requirement already satisfied: lib3mf==2.5.0 in /home/consumer/rfqfuzz-venv/lib/python3.12/site-packages (from -r /home/consumer/frozen-bounded/requirements-m0.lock (line 23)) (2.5.0)
Requirement already satisfied: lxml==6.1.3 in /home/consumer/rfqfuzz-venv/lib/python3.12/site-packages (from -r /home/consumer/frozen-bounded/requirements-m0.lock (line 24)) (6.1.3)
Requirement already satisfied: markdown-it-py==4.2.0 in /home/consumer/rfqfuzz-venv/lib/python3.12/site-packages (from -r /home/consumer/frozen-bounded/requirements-m0.lock (line 25)) (4.2.0)
Requirement already satisfied: matplotlib==3.11.2 in /home/consumer/rfqfuzz-venv/lib/python3.12/site-packages (from -r /home/consumer/frozen-bounded/requirements-m0.lock (line 26)) (3.11.2)
Requirement already satisfied: matplotlib-inline==0.2.2 in /home/consumer/rfqfuzz-venv/lib/python3.12/site-packages (from -r /home/consumer/frozen-bounded/requirements-m0.lock (line 27)) (0.2.2)
Requirement already satisfied: mdurl==0.1.2 in /home/consumer/rfqfuzz-venv/lib/python3.12/site-packages (from -r /home/consumer/frozen-bounded/requirements-m0.lock (line 28)) (0.1.2)
Requirement already satisfied: mpmath==1.3.0 in /home/consumer/rfqfuzz-venv/lib/python3.12/site-packages (from -r /home/consumer/frozen-bounded/requirements-m0.lock (line 29)) (1.3.0)
Requirement already satisfied: numpy==2.5.3 in /home/consumer/rfqfuzz-venv/lib/python3.12/site-packages (from -r /home/consumer/frozen-bounded/requirements-m0.lock (line 30)) (2.5.3)
Requirement already satisfied: ocp_gordon==0.2.2 in /home/consumer/rfqfuzz-venv/lib/python3.12/site-packages (from -r /home/consumer/frozen-bounded/requirements-m0.lock (line 31)) (0.2.2)
Requirement already satisfied: ocpsvg==0.5.0 in /home/consumer/rfqfuzz-venv/lib/python3.12/site-packages (from -r /home/consumer/frozen-bounded/requirements-m0.lock (line 32)) (0.5.0)
Requirement already satisfied: packaging==26.3 in /home/consumer/rfqfuzz-venv/lib/python3.12/site-packages (from -r /home/consumer/frozen-bounded/requirements-m0.lock (line 33)) (26.3)
Requirement already satisfied: parso==0.8.7 in /home/consumer/rfqfuzz-venv/lib/python3.12/site-packages (from -r /home/consumer/frozen-bounded/requirements-m0.lock (line 34)) (0.8.7)
Requirement already satisfied: pillow==12.3.0 in /home/consumer/rfqfuzz-venv/lib/python3.12/site-packages (from -r /home/consumer/frozen-bounded/requirements-m0.lock (line 35)) (12.3.0)
Requirement already satisfied: pluggy==1.6.0 in /home/consumer/rfqfuzz-venv/lib/python3.12/site-packages (from -r /home/consumer/frozen-bounded/requirements-m0.lock (line 36)) (1.6.0)
Requirement already satisfied: prompt_toolkit==3.0.53 in /home/consumer/rfqfuzz-venv/lib/python3.12/site-packages (from -r /home/consumer/frozen-bounded/requirements-m0.lock (line 37)) (3.0.53)
Requirement already satisfied: psutil==7.2.2 in /home/consumer/rfqfuzz-venv/lib/python3.12/site-packages (from -r /home/consumer/frozen-bounded/requirements-m0.lock (line 38)) (7.2.2)
Requirement already satisfied: pure_eval==0.2.4 in /home/consumer/rfqfuzz-venv/lib/python3.12/site-packages (from -r /home/consumer/frozen-bounded/requirements-m0.lock (line 39)) (0.2.4)
Requirement already satisfied: Pygments==2.21.0 in /home/consumer/rfqfuzz-venv/lib/python3.12/site-packages (from -r /home/consumer/frozen-bounded/requirements-m0.lock (line 40)) (2.21.0)
Requirement already satisfied: pyparsing==3.3.3 in /home/consumer/rfqfuzz-venv/lib/python3.12/site-packages (from -r /home/consumer/frozen-bounded/requirements-m0.lock (line 41)) (3.3.3)
Requirement already satisfied: pypdf==6.9.1 in /home/consumer/rfqfuzz-venv/lib/python3.12/site-packages (from -r /home/consumer/frozen-bounded/requirements-m0.lock (line 42)) (6.9.1)
Requirement already satisfied: pypdfium2==5.14.0 in /home/consumer/rfqfuzz-venv/lib/python3.12/site-packages (from -r /home/consumer/frozen-bounded/requirements-m0.lock (line 43)) (5.14.0)
Requirement already satisfied: pytest==9.0.2 in /home/consumer/rfqfuzz-venv/lib/python3.12/site-packages (from -r /home/consumer/frozen-bounded/requirements-m0.lock (line 44)) (9.0.2)
Requirement already satisfied: python-dateutil==2.9.0.post0 in /home/consumer/rfqfuzz-venv/lib/python3.12/site-packages (from -r /home/consumer/frozen-bounded/requirements-m0.lock (line 45)) (2.9.0.post0)
Requirement already satisfied: quiddity==0.3.3 in /home/consumer/rfqfuzz-venv/lib/python3.12/site-packages (from -r /home/consumer/frozen-bounded/requirements-m0.lock (line 46)) (0.3.3)
Requirement already satisfied: reportlab==5.0.1 in /home/consumer/rfqfuzz-venv/lib/python3.12/site-packages (from -r /home/consumer/frozen-bounded/requirements-m0.lock (line 47)) (5.0.1)
Requirement already satisfied: rich==15.0.0 in /home/consumer/rfqfuzz-venv/lib/python3.12/site-packages (from -r /home/consumer/frozen-bounded/requirements-m0.lock (line 48)) (15.0.0)
Requirement already satisfied: scipy==1.18.1 in /home/consumer/rfqfuzz-venv/lib/python3.12/site-packages (from -r /home/consumer/frozen-bounded/requirements-m0.lock (line 49)) (1.18.1)
Requirement already satisfied: shellingham==1.5.4 in /home/consumer/rfqfuzz-venv/lib/python3.12/site-packages (from -r /home/consumer/frozen-bounded/requirements-m0.lock (line 50)) (1.5.4)
Requirement already satisfied: six==1.17.0 in /home/consumer/rfqfuzz-venv/lib/python3.12/site-packages (from -r /home/consumer/frozen-bounded/requirements-m0.lock (line 51)) (1.17.0)
Requirement already satisfied: stack-data==0.6.3 in /home/consumer/rfqfuzz-venv/lib/python3.12/site-packages (from -r /home/consumer/frozen-bounded/requirements-m0.lock (line 52)) (0.6.3)
Requirement already satisfied: steputils==0.1 in /home/consumer/rfqfuzz-venv/lib/python3.12/site-packages (from -r /home/consumer/frozen-bounded/requirements-m0.lock (line 53)) (0.1)
Requirement already satisfied: svgelements==1.9.6 in /home/consumer/rfqfuzz-venv/lib/python3.12/site-packages (from -r /home/consumer/frozen-bounded/requirements-m0.lock (line 54)) (1.9.6)
Requirement already satisfied: svglib==2.2.0 in /home/consumer/rfqfuzz-venv/lib/python3.12/site-packages (from -r /home/consumer/frozen-bounded/requirements-m0.lock (line 55)) (2.2.0)
Requirement already satisfied: svgpathtools==1.8.0 in /home/consumer/rfqfuzz-venv/lib/python3.12/site-packages (from -r /home/consumer/frozen-bounded/requirements-m0.lock (line 56)) (1.8.0)
Requirement already satisfied: svgwrite==1.4.3 in /home/consumer/rfqfuzz-venv/lib/python3.12/site-packages (from -r /home/consumer/frozen-bounded/requirements-m0.lock (line 57)) (1.4.3)
Requirement already satisfied: sympy==1.14.0 in /home/consumer/rfqfuzz-venv/lib/python3.12/site-packages (from -r /home/consumer/frozen-bounded/requirements-m0.lock (line 58)) (1.14.0)
Requirement already satisfied: tinycss2==1.5.1 in /home/consumer/rfqfuzz-venv/lib/python3.12/site-packages (from -r /home/consumer/frozen-bounded/requirements-m0.lock (line 59)) (1.5.1)
Requirement already satisfied: traitlets==5.16.1 in /home/consumer/rfqfuzz-venv/lib/python3.12/site-packages (from -r /home/consumer/frozen-bounded/requirements-m0.lock (line 60)) (5.16.1)
Requirement already satisfied: trianglesolver==1.2 in /home/consumer/rfqfuzz-venv/lib/python3.12/site-packages (from -r /home/consumer/frozen-bounded/requirements-m0.lock (line 61)) (1.2)
Requirement already satisfied: typer==0.27.2 in /home/consumer/rfqfuzz-venv/lib/python3.12/site-packages (from -r /home/consumer/frozen-bounded/requirements-m0.lock (line 62)) (0.27.2)
Requirement already satisfied: typing_extensions==4.16.0 in /home/consumer/rfqfuzz-venv/lib/python3.12/site-packages (from -r /home/consumer/frozen-bounded/requirements-m0.lock (line 63)) (4.16.0)
Requirement already satisfied: vtk==9.3.1 in /home/consumer/rfqfuzz-venv/lib/python3.12/site-packages (from -r /home/consumer/frozen-bounded/requirements-m0.lock (line 64)) (9.3.1)
Requirement already satisfied: wcwidth==0.9.1 in /home/consumer/rfqfuzz-venv/lib/python3.12/site-packages (from -r /home/consumer/frozen-bounded/requirements-m0.lock (line 65)) (0.9.1)
Requirement already satisfied: webcolors==24.8.0 in /home/consumer/rfqfuzz-venv/lib/python3.12/site-packages (from -r /home/consumer/frozen-bounded/requirements-m0.lock (line 66)) (24.8.0)
Requirement already satisfied: webencodings==0.6.1 in /home/consumer/rfqfuzz-venv/lib/python3.12/site-packages (from -r /home/consumer/frozen-bounded/requirements-m0.lock (line 67)) (0.6.1)
Requirement already satisfied: pexpect==4.9.0 in /home/consumer/rfqfuzz-venv/lib/python3.12/site-packages (from -r requirements-v1.lock (line 3)) (4.9.0)
Requirement already satisfied: ptyprocess==0.7.0 in /home/consumer/rfqfuzz-venv/lib/python3.12/site-packages (from -r requirements-v1.lock (line 4)) (0.7.0)
Requirement already satisfied: setuptools==80.9.0 in /home/consumer/rfqfuzz-venv/lib/python3.12/site-packages (from -r requirements-build.lock (line 1)) (80.9.0)
Requirement already satisfied: wheel==0.45.1 in /home/consumer/rfqfuzz-venv/lib/python3.12/site-packages (from -r requirements-build.lock (line 2)) (0.45.1)
+ /home/consumer/rfqfuzz-venv/bin/python -m pip install --no-index --no-deps --no-build-isolation -e . --report /home/consumer/setup-evidence/bounded-project-report.json --log /home/consumer/setup-evidence/bounded-project-pip.log
Obtaining file:///home/consumer/frozen-bounded
  Checking if build backend supports build_editable: started
  Checking if build backend supports build_editable: finished with status 'done'
  Preparing editable metadata (pyproject.toml): started
  Preparing editable metadata (pyproject.toml): finished with status 'done'
Building wheels for collected packages: rfqfuzz
  Building editable for rfqfuzz (pyproject.toml): started
  Building editable for rfqfuzz (pyproject.toml): finished with status 'done'
  Created wheel for rfqfuzz: filename=rfqfuzz-1.0.0-0.editable-py3-none-any.whl size=25911 sha256=faf3fd2be116ba6a35575547c11c1a7084a12e36a3b6e26d7d2b6dd80fba5db6
  Stored in directory: /tmp/pip-ephem-wheel-cache-lrb9fc_h/wheels/10/6e/1b/ac9e023a8c230011f17668c77c6ddd7e13e775b4f34380c727
Successfully built rfqfuzz
Installing collected packages: rfqfuzz
  Attempting uninstall: rfqfuzz
    Found existing installation: rfqfuzz 1.0.0
    Uninstalling rfqfuzz-1.0.0:
      Successfully uninstalled rfqfuzz-1.0.0
Successfully installed rfqfuzz-1.0.0
+ /home/consumer/rfqfuzz-venv/bin/python -m pip check
No broken requirements found.
+ /home/consumer/rfqfuzz-venv/bin/python -m rfqfuzz.v1 demo --help
usage: rfqfuzz demo [-h] [--parser-timeout PARSER_TIMEOUT]
                    [--audit-timeout AUDIT_TIMEOUT]
                    assets destination

positional arguments:
  assets
  destination

options:
  -h, --help            show this help message and exit
  --parser-timeout PARSER_TIMEOUT
  --audit-timeout AUDIT_TIMEOUT
+ sha256sum /home/consumer/frozen-consumer-bounded.tar.gz /home/consumer/frozen-bounded/requirements-build.lock /home/consumer/frozen-bounded/requirements-m0.lock /home/consumer/frozen-bounded/requirements-v1.lock
+ date -u +%Y-%m-%dT%H:%M:%SZ
2026-10-04T22:41:11Z
+ touch /home/consumer/setup-evidence/BOUNDED_INSTALL_READY
