2026-10-04T22:40:40,666 Using pip 26.2.1 from /home/consumer/rfqfuzz-venv/lib/python3.12/site-packages/pip (python 3.12)
2026-10-04T22:40:40,671 Non-user install because user site-packages disabled
2026-10-04T22:40:41,409 Ignoring indexes: https://pypi.org/simple
2026-10-04T22:40:41,418 Created temporary directory: /tmp/pip-build-tracker-t8sh2r5c
2026-10-04T22:40:41,420 Initialized build tracking at /tmp/pip-build-tracker-t8sh2r5c
2026-10-04T22:40:41,420 Created build tracker: /tmp/pip-build-tracker-t8sh2r5c
2026-10-04T22:40:41,421 Entered build tracker: /tmp/pip-build-tracker-t8sh2r5c
2026-10-04T22:40:41,424 Created temporary directory: /tmp/pip-install-014flgy0
2026-10-04T22:40:41,829 Created temporary directory: /tmp/pip-ephem-wheel-cache-4rcisf4d
2026-10-04T22:40:42,237 Requirement already satisfied: annotated-doc==0.0.5 in /home/consumer/rfqfuzz-venv/lib/python3.12/site-packages (from -r /home/consumer/frozen-bounded/requirements-m0.lock (line 1)) (0.0.5)
2026-10-04T22:40:42,253 Requirement already satisfied: antlr4-python3-runtime==4.9.3 in /home/consumer/rfqfuzz-venv/lib/python3.12/site-packages (from -r /home/consumer/frozen-bounded/requirements-m0.lock (line 2)) (4.9.3)
2026-10-04T22:40:42,265 Requirement already satisfied: anytree==2.13.0 in /home/consumer/rfqfuzz-venv/lib/python3.12/site-packages (from -r /home/consumer/frozen-bounded/requirements-m0.lock (line 3)) (2.13.0)
2026-10-04T22:40:42,279 Requirement already satisfied: asttokens==3.0.2 in /home/consumer/rfqfuzz-venv/lib/python3.12/site-packages (from -r /home/consumer/frozen-bounded/requirements-m0.lock (line 4)) (3.0.2)
2026-10-04T22:40:42,297 Requirement already satisfied: build123d==0.10.0 in /home/consumer/rfqfuzz-venv/lib/python3.12/site-packages (from -r /home/consumer/frozen-bounded/requirements-m0.lock (line 5)) (0.10.0)
2026-10-04T22:40:42,316 Requirement already satisfied: build123d-drafting-helpers==0.15.5 in /home/consumer/rfqfuzz-venv/lib/python3.12/site-packages (from -r /home/consumer/frozen-bounded/requirements-m0.lock (line 6)) (0.15.5)
2026-10-04T22:40:42,325 Requirement already satisfied: cadquery-ocp==7.8.1.1.post1 in /home/consumer/rfqfuzz-venv/lib/python3.12/site-packages (from -r /home/consumer/frozen-bounded/requirements-m0.lock (line 7)) (7.8.1.1.post1)
2026-10-04T22:40:42,337 Requirement already satisfied: cadquery-ocp-proxy==7.9.3.1.1 in /home/consumer/rfqfuzz-venv/lib/python3.12/site-packages (from -r /home/consumer/frozen-bounded/requirements-m0.lock (line 8)) (7.9.3.1.1)
2026-10-04T22:40:42,349 Requirement already satisfied: charset-normalizer==3.5.2 in /home/consumer/rfqfuzz-venv/lib/python3.12/site-packages (from -r /home/consumer/frozen-bounded/requirements-m0.lock (line 9)) (3.5.2)
2026-10-04T22:40:42,362 Requirement already satisfied: colorama==0.4.6 in /home/consumer/rfqfuzz-venv/lib/python3.12/site-packages (from -r /home/consumer/frozen-bounded/requirements-m0.lock (line 10)) (0.4.6)
2026-10-04T22:40:42,374 Requirement already satisfied: contourpy==1.4.0 in /home/consumer/rfqfuzz-venv/lib/python3.12/site-packages (from -r /home/consumer/frozen-bounded/requirements-m0.lock (line 11)) (1.4.0)
2026-10-04T22:40:42,384 Requirement already satisfied: cssselect2==0.10.1 in /home/consumer/rfqfuzz-venv/lib/python3.12/site-packages (from -r /home/consumer/frozen-bounded/requirements-m0.lock (line 12)) (0.10.1)
2026-10-04T22:40:42,393 Requirement already satisfied: cycler==0.12.1 in /home/consumer/rfqfuzz-venv/lib/python3.12/site-packages (from -r /home/consumer/frozen-bounded/requirements-m0.lock (line 13)) (0.12.1)
2026-10-04T22:40:42,406 Requirement already satisfied: draftwright==0.4.35 in /home/consumer/rfqfuzz-venv/lib/python3.12/site-packages (from -r /home/consumer/frozen-bounded/requirements-m0.lock (line 14)) (0.4.35)
2026-10-04T22:40:42,415 Requirement already satisfied: executing==2.2.1 in /home/consumer/rfqfuzz-venv/lib/python3.12/site-packages (from -r /home/consumer/frozen-bounded/requirements-m0.lock (line 15)) (2.2.1)
2026-10-04T22:40:42,422 Requirement already satisfied: ezdxf==1.4.4 in /home/consumer/rfqfuzz-venv/lib/python3.12/site-packages (from -r /home/consumer/frozen-bounded/requirements-m0.lock (line 16)) (1.4.4)
2026-10-04T22:40:42,432 Requirement already satisfied: fonttools==4.66.1 in /home/consumer/rfqfuzz-venv/lib/python3.12/site-packages (from -r /home/consumer/frozen-bounded/requirements-m0.lock (line 17)) (4.66.1)
2026-10-04T22:40:42,444 Requirement already satisfied: iniconfig==2.3.0 in /home/consumer/rfqfuzz-venv/lib/python3.12/site-packages (from -r /home/consumer/frozen-bounded/requirements-m0.lock (line 18)) (2.3.0)
2026-10-04T22:40:42,456 Requirement already satisfied: ipython==9.17.1 in /home/consumer/rfqfuzz-venv/lib/python3.12/site-packages (from -r /home/consumer/frozen-bounded/requirements-m0.lock (line 19)) (9.17.1)
2026-10-04T22:40:42,469 Requirement already satisfied: ipython_pygments_lexers==1.1.1 in /home/consumer/rfqfuzz-venv/lib/python3.12/site-packages (from -r /home/consumer/frozen-bounded/requirements-m0.lock (line 20)) (1.1.1)
2026-10-04T22:40:42,478 Requirement already satisfied: jedi==0.20.0 in /home/consumer/rfqfuzz-venv/lib/python3.12/site-packages (from -r /home/consumer/frozen-bounded/requirements-m0.lock (line 21)) (0.20.0)
2026-10-04T22:40:42,486 Requirement already satisfied: kiwisolver==1.5.1 in /home/consumer/rfqfuzz-venv/lib/python3.12/site-packages (from -r /home/consumer/frozen-bounded/requirements-m0.lock (line 22)) (1.5.1)
2026-10-04T22:40:42,498 Requirement already satisfied: lib3mf==2.5.0 in /home/consumer/rfqfuzz-venv/lib/python3.12/site-packages (from -r /home/consumer/frozen-bounded/requirements-m0.lock (line 23)) (2.5.0)
2026-10-04T22:40:42,509 Requirement already satisfied: lxml==6.1.3 in /home/consumer/rfqfuzz-venv/lib/python3.12/site-packages (from -r /home/consumer/frozen-bounded/requirements-m0.lock (line 24)) (6.1.3)
2026-10-04T22:40:42,521 Requirement already satisfied: markdown-it-py==4.2.0 in /home/consumer/rfqfuzz-venv/lib/python3.12/site-packages (from -r /home/consumer/frozen-bounded/requirements-m0.lock (line 25)) (4.2.0)
2026-10-04T22:40:42,532 Requirement already satisfied: matplotlib==3.11.2 in /home/consumer/rfqfuzz-venv/lib/python3.12/site-packages (from -r /home/consumer/frozen-bounded/requirements-m0.lock (line 26)) (3.11.2)
2026-10-04T22:40:42,542 Requirement already satisfied: matplotlib-inline==0.2.2 in /home/consumer/rfqfuzz-venv/lib/python3.12/site-packages (from -r /home/consumer/frozen-bounded/requirements-m0.lock (line 27)) (0.2.2)
2026-10-04T22:40:42,549 Requirement already satisfied: mdurl==0.1.2 in /home/consumer/rfqfuzz-venv/lib/python3.12/site-packages (from -r /home/consumer/frozen-bounded/requirements-m0.lock (line 28)) (0.1.2)
2026-10-04T22:40:42,565 Requirement already satisfied: mpmath==1.3.0 in /home/consumer/rfqfuzz-venv/lib/python3.12/site-packages (from -r /home/consumer/frozen-bounded/requirements-m0.lock (line 29)) (1.3.0)
2026-10-04T22:40:42,578 Requirement already satisfied: numpy==2.5.3 in /home/consumer/rfqfuzz-venv/lib/python3.12/site-packages (from -r /home/consumer/frozen-bounded/requirements-m0.lock (line 30)) (2.5.3)
2026-10-04T22:40:42,593 Requirement already satisfied: ocp_gordon==0.2.2 in /home/consumer/rfqfuzz-venv/lib/python3.12/site-packages (from -r /home/consumer/frozen-bounded/requirements-m0.lock (line 31)) (0.2.2)
2026-10-04T22:40:42,611 Requirement already satisfied: ocpsvg==0.5.0 in /home/consumer/rfqfuzz-venv/lib/python3.12/site-packages (from -r /home/consumer/frozen-bounded/requirements-m0.lock (line 32)) (0.5.0)
2026-10-04T22:40:42,626 Requirement already satisfied: packaging==26.3 in /home/consumer/rfqfuzz-venv/lib/python3.12/site-packages (from -r /home/consumer/frozen-bounded/requirements-m0.lock (line 33)) (26.3)
2026-10-04T22:40:42,640 Requirement already satisfied: parso==0.8.7 in /home/consumer/rfqfuzz-venv/lib/python3.12/site-packages (from -r /home/consumer/frozen-bounded/requirements-m0.lock (line 34)) (0.8.7)
2026-10-04T22:40:42,654 Requirement already satisfied: pillow==12.3.0 in /home/consumer/rfqfuzz-venv/lib/python3.12/site-packages (from -r /home/consumer/frozen-bounded/requirements-m0.lock (line 35)) (12.3.0)
2026-10-04T22:40:42,671 Requirement already satisfied: pluggy==1.6.0 in /home/consumer/rfqfuzz-venv/lib/python3.12/site-packages (from -r /home/consumer/frozen-bounded/requirements-m0.lock (line 36)) (1.6.0)
2026-10-04T22:40:42,684 Requirement already satisfied: prompt_toolkit==3.0.53 in /home/consumer/rfqfuzz-venv/lib/python3.12/site-packages (from -r /home/consumer/frozen-bounded/requirements-m0.lock (line 37)) (3.0.53)
2026-10-04T22:40:42,694 Requirement already satisfied: psutil==7.2.2 in /home/consumer/rfqfuzz-venv/lib/python3.12/site-packages (from -r /home/consumer/frozen-bounded/requirements-m0.lock (line 38)) (7.2.2)
2026-10-04T22:40:42,706 Requirement already satisfied: pure_eval==0.2.4 in /home/consumer/rfqfuzz-venv/lib/python3.12/site-packages (from -r /home/consumer/frozen-bounded/requirements-m0.lock (line 39)) (0.2.4)
2026-10-04T22:40:42,718 Requirement already satisfied: Pygments==2.21.0 in /home/consumer/rfqfuzz-venv/lib/python3.12/site-packages (from -r /home/consumer/frozen-bounded/requirements-m0.lock (line 40)) (2.21.0)
2026-10-04T22:40:42,736 Requirement already satisfied: pyparsing==3.3.3 in /home/consumer/rfqfuzz-venv/lib/python3.12/site-packages (from -r /home/consumer/frozen-bounded/requirements-m0.lock (line 41)) (3.3.3)
2026-10-04T22:40:42,751 Requirement already satisfied: pypdf==6.9.1 in /home/consumer/rfqfuzz-venv/lib/python3.12/site-packages (from -r /home/consumer/frozen-bounded/requirements-m0.lock (line 42)) (6.9.1)
2026-10-04T22:40:42,766 Requirement already satisfied: pypdfium2==5.14.0 in /home/consumer/rfqfuzz-venv/lib/python3.12/site-packages (from -r /home/consumer/frozen-bounded/requirements-m0.lock (line 43)) (5.14.0)
2026-10-04T22:40:42,782 Requirement already satisfied: pytest==9.0.2 in /home/consumer/rfqfuzz-venv/lib/python3.12/site-packages (from -r /home/consumer/frozen-bounded/requirements-m0.lock (line 44)) (9.0.2)
2026-10-04T22:40:42,792 Requirement already satisfied: python-dateutil==2.9.0.post0 in /home/consumer/rfqfuzz-venv/lib/python3.12/site-packages (from -r /home/consumer/frozen-bounded/requirements-m0.lock (line 45)) (2.9.0.post0)
2026-10-04T22:40:42,802 Requirement already satisfied: quiddity==0.3.3 in /home/consumer/rfqfuzz-venv/lib/python3.12/site-packages (from -r /home/consumer/frozen-bounded/requirements-m0.lock (line 46)) (0.3.3)
2026-10-04T22:40:42,811 Requirement already satisfied: reportlab==5.0.1 in /home/consumer/rfqfuzz-venv/lib/python3.12/site-packages (from -r /home/consumer/frozen-bounded/requirements-m0.lock (line 47)) (5.0.1)
2026-10-04T22:40:42,821 Requirement already satisfied: rich==15.0.0 in /home/consumer/rfqfuzz-venv/lib/python3.12/site-packages (from -r /home/consumer/frozen-bounded/requirements-m0.lock (line 48)) (15.0.0)
2026-10-04T22:40:42,828 Requirement already satisfied: scipy==1.18.1 in /home/consumer/rfqfuzz-venv/lib/python3.12/site-packages (from -r /home/consumer/frozen-bounded/requirements-m0.lock (line 49)) (1.18.1)
2026-10-04T22:40:42,838 Requirement already satisfied: shellingham==1.5.4 in /home/consumer/rfqfuzz-venv/lib/python3.12/site-packages (from -r /home/consumer/frozen-bounded/requirements-m0.lock (line 50)) (1.5.4)
2026-10-04T22:40:42,848 Requirement already satisfied: six==1.17.0 in /home/consumer/rfqfuzz-venv/lib/python3.12/site-packages (from -r /home/consumer/frozen-bounded/requirements-m0.lock (line 51)) (1.17.0)
2026-10-04T22:40:42,856 Requirement already satisfied: stack-data==0.6.3 in /home/consumer/rfqfuzz-venv/lib/python3.12/site-packages (from -r /home/consumer/frozen-bounded/requirements-m0.lock (line 52)) (0.6.3)
2026-10-04T22:40:42,863 Requirement already satisfied: steputils==0.1 in /home/consumer/rfqfuzz-venv/lib/python3.12/site-packages (from -r /home/consumer/frozen-bounded/requirements-m0.lock (line 53)) (0.1)
2026-10-04T22:40:42,869 Requirement already satisfied: svgelements==1.9.6 in /home/consumer/rfqfuzz-venv/lib/python3.12/site-packages (from -r /home/consumer/frozen-bounded/requirements-m0.lock (line 54)) (1.9.6)
2026-10-04T22:40:42,877 Requirement already satisfied: svglib==2.2.0 in /home/consumer/rfqfuzz-venv/lib/python3.12/site-packages (from -r /home/consumer/frozen-bounded/requirements-m0.lock (line 55)) (2.2.0)
2026-10-04T22:40:42,889 Requirement already satisfied: svgpathtools==1.8.0 in /home/consumer/rfqfuzz-venv/lib/python3.12/site-packages (from -r /home/consumer/frozen-bounded/requirements-m0.lock (line 56)) (1.8.0)
2026-10-04T22:40:42,902 Requirement already satisfied: svgwrite==1.4.3 in /home/consumer/rfqfuzz-venv/lib/python3.12/site-packages (from -r /home/consumer/frozen-bounded/requirements-m0.lock (line 57)) (1.4.3)
2026-10-04T22:40:42,914 Requirement already satisfied: sympy==1.14.0 in /home/consumer/rfqfuzz-venv/lib/python3.12/site-packages (from -r /home/consumer/frozen-bounded/requirements-m0.lock (line 58)) (1.14.0)
2026-10-04T22:40:42,926 Requirement already satisfied: tinycss2==1.5.1 in /home/consumer/rfqfuzz-venv/lib/python3.12/site-packages (from -r /home/consumer/frozen-bounded/requirements-m0.lock (line 59)) (1.5.1)
2026-10-04T22:40:42,936 Requirement already satisfied: traitlets==5.16.1 in /home/consumer/rfqfuzz-venv/lib/python3.12/site-packages (from -r /home/consumer/frozen-bounded/requirements-m0.lock (line 60)) (5.16.1)
2026-10-04T22:40:42,948 Requirement already satisfied: trianglesolver==1.2 in /home/consumer/rfqfuzz-venv/lib/python3.12/site-packages (from -r /home/consumer/frozen-bounded/requirements-m0.lock (line 61)) (1.2)
2026-10-04T22:40:42,959 Requirement already satisfied: typer==0.27.2 in /home/consumer/rfqfuzz-venv/lib/python3.12/site-packages (from -r /home/consumer/frozen-bounded/requirements-m0.lock (line 62)) (0.27.2)
2026-10-04T22:40:42,968 Requirement already satisfied: typing_extensions==4.16.0 in /home/consumer/rfqfuzz-venv/lib/python3.12/site-packages (from -r /home/consumer/frozen-bounded/requirements-m0.lock (line 63)) (4.16.0)
2026-10-04T22:40:42,976 Requirement already satisfied: vtk==9.3.1 in /home/consumer/rfqfuzz-venv/lib/python3.12/site-packages (from -r /home/consumer/frozen-bounded/requirements-m0.lock (line 64)) (9.3.1)
2026-10-04T22:40:42,986 Requirement already satisfied: wcwidth==0.9.1 in /home/consumer/rfqfuzz-venv/lib/python3.12/site-packages (from -r /home/consumer/frozen-bounded/requirements-m0.lock (line 65)) (0.9.1)
2026-10-04T22:40:42,995 Requirement already satisfied: webcolors==24.8.0 in /home/consumer/rfqfuzz-venv/lib/python3.12/site-packages (from -r /home/consumer/frozen-bounded/requirements-m0.lock (line 66)) (24.8.0)
2026-10-04T22:40:43,003 Requirement already satisfied: webencodings==0.6.1 in /home/consumer/rfqfuzz-venv/lib/python3.12/site-packages (from -r /home/consumer/frozen-bounded/requirements-m0.lock (line 67)) (0.6.1)
2026-10-04T22:40:43,012 Requirement already satisfied: pexpect==4.9.0 in /home/consumer/rfqfuzz-venv/lib/python3.12/site-packages (from -r requirements-v1.lock (line 3)) (4.9.0)
2026-10-04T22:40:43,022 Requirement already satisfied: ptyprocess==0.7.0 in /home/consumer/rfqfuzz-venv/lib/python3.12/site-packages (from -r requirements-v1.lock (line 4)) (0.7.0)
2026-10-04T22:40:43,034 Requirement already satisfied: setuptools==80.9.0 in /home/consumer/rfqfuzz-venv/lib/python3.12/site-packages (from -r requirements-build.lock (line 1)) (80.9.0)
2026-10-04T22:40:43,048 Requirement already satisfied: wheel==0.45.1 in /home/consumer/rfqfuzz-venv/lib/python3.12/site-packages (from -r requirements-build.lock (line 2)) (0.45.1)
2026-10-04T22:40:45,718 Created temporary directory: /tmp/pip-unpack-x1y0q7xq
2026-10-04T22:40:46,611 Removed build tracker: '/tmp/pip-build-tracker-t8sh2r5c'
